// Jest Snapshot v1, https://goo.gl/fbAQLP

exports[`login failed 1`] = `
<div
  role="alert"
  style="color: red;"
>
  password required
</div>
`;
